// Jest Snapshot v1, https://goo.gl/fbAQLP

exports[`Home has expected content with deep render 1`] = `
<div
  className="my-custom-class-name dyna-ui-field-wrapper dyna-ui-field-wrapper-style-INLINE_ROUNDED dyna-ui-field-wrapper-color-WHITE_BLACK"
>
  <div
    className="dyna-ui-field-wrapper-container"
    onClick={[Function]}
  >
    <div
      className="dyna-ui-field-wrapper-required"
      onClick={[Function]}
    />
    <div
      className="dyna-ui-field-wrapper-isLoading"
      onClick={[Function]}
    />
    <div
      className="dyna-ui-field-wrapper-control-container"
      onClick={[Function]}
    >
      <input
        className="input-control"
        onChange={[Function]}
        style={
          Object {
            "width": "100%",
          }
        }
        value="John"
      />
    </div>
    <div
      className="dyna-ui-field-wrapper-validation-message"
      onClick={[Function]}
    />
    <div
      className="dyna-ui-field-wrapper-footer"
      onClick={[Function]}
    />
  </div>
</div>
`;
